// Vitest Snapshot v1, https://vitest.dev/guide/snapshot.html

exports[`shouldTriggerMultiTaskSuggestion (characterization) > matches the golden-master result matrix 1`] = `
{
  "blockOnlyCommentsAfter": {
    "playbook|s0|p0": false,
    "playbook|s0|p1": false,
    "playbook|s0|p3": false,
    "playbook|s0|p99": false,
    "playbook|s2|p0": true,
    "playbook|s2|p1": true,
    "playbook|s2|p3": true,
    "playbook|s2|p99": true,
    "playbook|s4|p0": true,
    "playbook|s4|p1": true,
    "playbook|s4|p3": true,
    "playbook|s4|p99": true,
    "playbook|s6|p0": true,
    "playbook|s6|p1": true,
    "playbook|s6|p3": true,
    "playbook|s6|p99": true,
    "playbook|s8|p0": true,
    "playbook|s8|p1": true,
    "playbook|s8|p3": true,
    "playbook|s8|p99": true,
    "tasks|s0|p0": false,
    "tasks|s0|p1": false,
    "tasks|s0|p3": false,
    "tasks|s0|p99": false,
    "tasks|s2|p0": true,
    "tasks|s2|p1": true,
    "tasks|s2|p3": true,
    "tasks|s2|p99": true,
    "tasks|s4|p0": true,
    "tasks|s4|p1": true,
    "tasks|s4|p3": true,
    "tasks|s4|p99": true,
    "tasks|s6|p0": true,
    "tasks|s6|p1": true,
    "tasks|s6|p3": true,
    "tasks|s6|p99": true,
    "tasks|s8|p0": true,
    "tasks|s8|p1": true,
    "tasks|s8|p3": true,
    "tasks|s8|p99": true,
  },
  "blockTaskFile": {
    "playbook|s0|p0": false,
    "playbook|s0|p1": false,
    "playbook|s0|p3": false,
    "playbook|s0|p99": false,
    "playbook|s2|p0": false,
    "playbook|s2|p1": false,
    "playbook|s2|p3": false,
    "playbook|s2|p99": false,
    "playbook|s4|p0": true,
    "playbook|s4|p1": true,
    "playbook|s4|p3": true,
    "playbook|s4|p99": true,
    "playbook|s6|p0": false,
    "playbook|s6|p1": false,
    "playbook|s6|p3": false,
    "playbook|s6|p99": false,
    "playbook|s8|p0": false,
    "playbook|s8|p1": false,
    "playbook|s8|p3": false,
    "playbook|s8|p99": false,
    "tasks|s0|p0": false,
    "tasks|s0|p1": false,
    "tasks|s0|p3": false,
    "tasks|s0|p99": false,
    "tasks|s2|p0": false,
    "tasks|s2|p1": false,
    "tasks|s2|p3": false,
    "tasks|s2|p99": false,
    "tasks|s4|p0": true,
    "tasks|s4|p1": true,
    "tasks|s4|p3": true,
    "tasks|s4|p99": true,
    "tasks|s6|p0": true,
    "tasks|s6|p1": true,
    "tasks|s6|p3": true,
    "tasks|s6|p99": true,
    "tasks|s8|p0": true,
    "tasks|s8|p1": true,
    "tasks|s8|p3": true,
    "tasks|s8|p99": true,
  },
  "commentsOnly": {
    "playbook|s0|p0": false,
    "playbook|s0|p1": false,
    "playbook|s0|p3": false,
    "playbook|s0|p99": false,
    "playbook|s2|p0": false,
    "playbook|s2|p1": false,
    "playbook|s2|p3": false,
    "playbook|s2|p99": false,
    "playbook|s4|p0": false,
    "playbook|s4|p1": false,
    "playbook|s4|p3": false,
    "playbook|s4|p99": false,
    "playbook|s6|p0": false,
    "playbook|s6|p1": false,
    "playbook|s6|p3": false,
    "playbook|s6|p99": false,
    "playbook|s8|p0": false,
    "playbook|s8|p1": false,
    "playbook|s8|p3": false,
    "playbook|s8|p99": false,
    "tasks|s0|p0": true,
    "tasks|s0|p1": true,
    "tasks|s0|p3": true,
    "tasks|s0|p99": true,
    "tasks|s2|p0": true,
    "tasks|s2|p1": true,
    "tasks|s2|p3": true,
    "tasks|s2|p99": true,
    "tasks|s4|p0": true,
    "tasks|s4|p1": true,
    "tasks|s4|p3": true,
    "tasks|s4|p99": true,
    "tasks|s6|p0": true,
    "tasks|s6|p1": true,
    "tasks|s6|p3": true,
    "tasks|s6|p99": true,
    "tasks|s8|p0": true,
    "tasks|s8|p1": true,
    "tasks|s8|p3": true,
    "tasks|s8|p99": true,
  },
  "empty": {
    "playbook|s0|p0": false,
    "playbook|s0|p1": false,
    "playbook|s0|p3": false,
    "playbook|s0|p99": false,
    "playbook|s2|p0": false,
    "playbook|s2|p1": false,
    "playbook|s2|p3": false,
    "playbook|s2|p99": false,
    "playbook|s4|p0": false,
    "playbook|s4|p1": false,
    "playbook|s4|p3": false,
    "playbook|s4|p99": false,
    "playbook|s6|p0": false,
    "playbook|s6|p1": false,
    "playbook|s6|p3": false,
    "playbook|s6|p99": false,
    "playbook|s8|p0": false,
    "playbook|s8|p1": false,
    "playbook|s8|p3": false,
    "playbook|s8|p99": false,
    "tasks|s0|p0": true,
    "tasks|s0|p1": true,
    "tasks|s0|p3": true,
    "tasks|s0|p99": true,
    "tasks|s2|p0": true,
    "tasks|s2|p1": true,
    "tasks|s2|p3": true,
    "tasks|s2|p99": true,
    "tasks|s4|p0": true,
    "tasks|s4|p1": true,
    "tasks|s4|p3": true,
    "tasks|s4|p99": true,
    "tasks|s6|p0": true,
    "tasks|s6|p1": true,
    "tasks|s6|p3": true,
    "tasks|s6|p99": true,
    "tasks|s8|p0": true,
    "tasks|s8|p1": true,
    "tasks|s8|p3": true,
    "tasks|s8|p99": true,
  },
  "markerAndComments": {
    "playbook|s0|p0": false,
    "playbook|s0|p1": false,
    "playbook|s0|p3": false,
    "playbook|s0|p99": false,
    "playbook|s2|p0": false,
    "playbook|s2|p1": false,
    "playbook|s2|p3": false,
    "playbook|s2|p99": false,
    "playbook|s4|p0": false,
    "playbook|s4|p1": false,
    "playbook|s4|p3": false,
    "playbook|s4|p99": false,
    "playbook|s6|p0": false,
    "playbook|s6|p1": false,
    "playbook|s6|p3": false,
    "playbook|s6|p99": false,
    "playbook|s8|p0": false,
    "playbook|s8|p1": false,
    "playbook|s8|p3": false,
    "playbook|s8|p99": false,
    "tasks|s0|p0": true,
    "tasks|s0|p1": true,
    "tasks|s0|p3": true,
    "tasks|s0|p99": true,
    "tasks|s2|p0": true,
    "tasks|s2|p1": true,
    "tasks|s2|p3": true,
    "tasks|s2|p99": true,
    "tasks|s4|p0": true,
    "tasks|s4|p1": true,
    "tasks|s4|p3": true,
    "tasks|s4|p99": true,
    "tasks|s6|p0": true,
    "tasks|s6|p1": true,
    "tasks|s6|p3": true,
    "tasks|s6|p99": true,
    "tasks|s8|p0": true,
    "tasks|s8|p1": true,
    "tasks|s8|p3": true,
    "tasks|s8|p99": true,
  },
  "nestedBlocks": {
    "playbook|s0|p0": false,
    "playbook|s0|p1": false,
    "playbook|s0|p3": false,
    "playbook|s0|p99": false,
    "playbook|s2|p0": false,
    "playbook|s2|p1": false,
    "playbook|s2|p3": false,
    "playbook|s2|p99": false,
    "playbook|s4|p0": true,
    "playbook|s4|p1": true,
    "playbook|s4|p3": true,
    "playbook|s4|p99": true,
    "playbook|s6|p0": false,
    "playbook|s6|p1": false,
    "playbook|s6|p3": false,
    "playbook|s6|p99": false,
    "playbook|s8|p0": true,
    "playbook|s8|p1": true,
    "playbook|s8|p3": true,
    "playbook|s8|p99": true,
    "tasks|s0|p0": false,
    "tasks|s0|p1": false,
    "tasks|s0|p3": false,
    "tasks|s0|p99": false,
    "tasks|s2|p0": false,
    "tasks|s2|p1": false,
    "tasks|s2|p3": false,
    "tasks|s2|p99": false,
    "tasks|s4|p0": false,
    "tasks|s4|p1": false,
    "tasks|s4|p3": false,
    "tasks|s4|p99": false,
    "tasks|s6|p0": false,
    "tasks|s6|p1": false,
    "tasks|s6|p3": false,
    "tasks|s6|p99": false,
    "tasks|s8|p0": true,
    "tasks|s8|p1": true,
    "tasks|s8|p3": true,
    "tasks|s8|p99": true,
  },
  "playbookHandlers": {
    "playbook|s0|p0": false,
    "playbook|s0|p1": false,
    "playbook|s0|p3": false,
    "playbook|s0|p99": false,
    "playbook|s2|p0": false,
    "playbook|s2|p1": false,
    "playbook|s2|p3": false,
    "playbook|s2|p99": false,
    "playbook|s4|p0": true,
    "playbook|s4|p1": true,
    "playbook|s4|p3": true,
    "playbook|s4|p99": true,
    "playbook|s6|p0": false,
    "playbook|s6|p1": false,
    "playbook|s6|p3": false,
    "playbook|s6|p99": false,
    "playbook|s8|p0": false,
    "playbook|s8|p1": false,
    "playbook|s8|p3": false,
    "playbook|s8|p99": false,
    "tasks|s0|p0": false,
    "tasks|s0|p1": false,
    "tasks|s0|p3": false,
    "tasks|s0|p99": false,
    "tasks|s2|p0": false,
    "tasks|s2|p1": false,
    "tasks|s2|p3": false,
    "tasks|s2|p99": false,
    "tasks|s4|p0": false,
    "tasks|s4|p1": false,
    "tasks|s4|p3": false,
    "tasks|s4|p99": false,
    "tasks|s6|p0": false,
    "tasks|s6|p1": false,
    "tasks|s6|p3": false,
    "tasks|s6|p99": false,
    "tasks|s8|p0": false,
    "tasks|s8|p1": false,
    "tasks|s8|p3": false,
    "tasks|s8|p99": false,
  },
  "playbookPreTasks": {
    "playbook|s0|p0": false,
    "playbook|s0|p1": false,
    "playbook|s0|p3": false,
    "playbook|s0|p99": false,
    "playbook|s2|p0": false,
    "playbook|s2|p1": false,
    "playbook|s2|p3": false,
    "playbook|s2|p99": false,
    "playbook|s4|p0": true,
    "playbook|s4|p1": true,
    "playbook|s4|p3": true,
    "playbook|s4|p99": true,
    "playbook|s6|p0": false,
    "playbook|s6|p1": false,
    "playbook|s6|p3": false,
    "playbook|s6|p99": false,
    "playbook|s8|p0": false,
    "playbook|s8|p1": false,
    "playbook|s8|p3": false,
    "playbook|s8|p99": false,
    "tasks|s0|p0": false,
    "tasks|s0|p1": false,
    "tasks|s0|p3": false,
    "tasks|s0|p99": false,
    "tasks|s2|p0": false,
    "tasks|s2|p1": false,
    "tasks|s2|p3": false,
    "tasks|s2|p99": false,
    "tasks|s4|p0": false,
    "tasks|s4|p1": false,
    "tasks|s4|p3": false,
    "tasks|s4|p99": false,
    "tasks|s6|p0": false,
    "tasks|s6|p1": false,
    "tasks|s6|p3": false,
    "tasks|s6|p99": false,
    "tasks|s8|p0": false,
    "tasks|s8|p1": false,
    "tasks|s8|p3": false,
    "tasks|s8|p99": false,
  },
  "playbookTasks": {
    "playbook|s0|p0": false,
    "playbook|s0|p1": false,
    "playbook|s0|p3": false,
    "playbook|s0|p99": false,
    "playbook|s2|p0": false,
    "playbook|s2|p1": false,
    "playbook|s2|p3": false,
    "playbook|s2|p99": false,
    "playbook|s4|p0": true,
    "playbook|s4|p1": true,
    "playbook|s4|p3": true,
    "playbook|s4|p99": true,
    "playbook|s6|p0": false,
    "playbook|s6|p1": false,
    "playbook|s6|p3": false,
    "playbook|s6|p99": false,
    "playbook|s8|p0": false,
    "playbook|s8|p1": false,
    "playbook|s8|p3": false,
    "playbook|s8|p99": false,
    "tasks|s0|p0": false,
    "tasks|s0|p1": false,
    "tasks|s0|p3": false,
    "tasks|s0|p99": false,
    "tasks|s2|p0": false,
    "tasks|s2|p1": false,
    "tasks|s2|p3": false,
    "tasks|s2|p99": false,
    "tasks|s4|p0": false,
    "tasks|s4|p1": false,
    "tasks|s4|p3": false,
    "tasks|s4|p99": false,
    "tasks|s6|p0": false,
    "tasks|s6|p1": false,
    "tasks|s6|p3": false,
    "tasks|s6|p99": false,
    "tasks|s8|p0": false,
    "tasks|s8|p1": false,
    "tasks|s8|p3": false,
    "tasks|s8|p99": false,
  },
  "playbookTasksOnlyCommentsAfter": {
    "playbook|s0|p0": false,
    "playbook|s0|p1": false,
    "playbook|s0|p3": false,
    "playbook|s0|p99": false,
    "playbook|s2|p0": false,
    "playbook|s2|p1": false,
    "playbook|s2|p3": false,
    "playbook|s2|p99": false,
    "playbook|s4|p0": true,
    "playbook|s4|p1": true,
    "playbook|s4|p3": true,
    "playbook|s4|p99": true,
    "playbook|s6|p0": true,
    "playbook|s6|p1": true,
    "playbook|s6|p3": true,
    "playbook|s6|p99": true,
    "playbook|s8|p0": true,
    "playbook|s8|p1": true,
    "playbook|s8|p3": true,
    "playbook|s8|p99": true,
    "tasks|s0|p0": false,
    "tasks|s0|p1": false,
    "tasks|s0|p3": false,
    "tasks|s0|p99": false,
    "tasks|s2|p0": false,
    "tasks|s2|p1": false,
    "tasks|s2|p3": false,
    "tasks|s2|p99": false,
    "tasks|s4|p0": false,
    "tasks|s4|p1": false,
    "tasks|s4|p3": false,
    "tasks|s4|p99": false,
    "tasks|s6|p0": false,
    "tasks|s6|p1": false,
    "tasks|s6|p3": false,
    "tasks|s6|p99": false,
    "tasks|s8|p0": false,
    "tasks|s8|p1": false,
    "tasks|s8|p3": false,
    "tasks|s8|p99": false,
  },
  "rescueAlways": {
    "playbook|s0|p0": false,
    "playbook|s0|p1": false,
    "playbook|s0|p3": false,
    "playbook|s0|p99": false,
    "playbook|s2|p0": true,
    "playbook|s2|p1": true,
    "playbook|s2|p3": true,
    "playbook|s2|p99": true,
    "playbook|s4|p0": false,
    "playbook|s4|p1": false,
    "playbook|s4|p3": false,
    "playbook|s4|p99": false,
    "playbook|s6|p0": false,
    "playbook|s6|p1": false,
    "playbook|s6|p3": false,
    "playbook|s6|p99": false,
    "playbook|s8|p0": false,
    "playbook|s8|p1": false,
    "playbook|s8|p3": false,
    "playbook|s8|p99": false,
    "tasks|s0|p0": false,
    "tasks|s0|p1": false,
    "tasks|s0|p3": false,
    "tasks|s0|p99": false,
    "tasks|s2|p0": true,
    "tasks|s2|p1": true,
    "tasks|s2|p3": true,
    "tasks|s2|p99": true,
    "tasks|s4|p0": true,
    "tasks|s4|p1": true,
    "tasks|s4|p3": true,
    "tasks|s4|p99": true,
    "tasks|s6|p0": true,
    "tasks|s6|p1": true,
    "tasks|s6|p3": true,
    "tasks|s6|p99": true,
    "tasks|s8|p0": true,
    "tasks|s8|p1": true,
    "tasks|s8|p3": true,
    "tasks|s8|p99": true,
  },
  "simpleTaskList": {
    "playbook|s0|p0": false,
    "playbook|s0|p1": false,
    "playbook|s0|p3": false,
    "playbook|s0|p99": false,
    "playbook|s2|p0": false,
    "playbook|s2|p1": false,
    "playbook|s2|p3": false,
    "playbook|s2|p99": false,
    "playbook|s4|p0": false,
    "playbook|s4|p1": false,
    "playbook|s4|p3": false,
    "playbook|s4|p99": false,
    "playbook|s6|p0": false,
    "playbook|s6|p1": false,
    "playbook|s6|p3": false,
    "playbook|s6|p99": false,
    "playbook|s8|p0": false,
    "playbook|s8|p1": false,
    "playbook|s8|p3": false,
    "playbook|s8|p99": false,
    "tasks|s0|p0": false,
    "tasks|s0|p1": false,
    "tasks|s0|p3": false,
    "tasks|s0|p99": false,
    "tasks|s2|p0": false,
    "tasks|s2|p1": false,
    "tasks|s2|p3": false,
    "tasks|s2|p99": false,
    "tasks|s4|p0": false,
    "tasks|s4|p1": false,
    "tasks|s4|p3": false,
    "tasks|s4|p99": false,
    "tasks|s6|p0": false,
    "tasks|s6|p1": false,
    "tasks|s6|p3": false,
    "tasks|s6|p99": false,
    "tasks|s8|p0": false,
    "tasks|s8|p1": false,
    "tasks|s8|p3": false,
    "tasks|s8|p99": false,
  },
  "trailingBlankLines": {
    "playbook|s0|p0": false,
    "playbook|s0|p1": false,
    "playbook|s0|p3": false,
    "playbook|s0|p99": false,
    "playbook|s2|p0": false,
    "playbook|s2|p1": false,
    "playbook|s2|p3": false,
    "playbook|s2|p99": false,
    "playbook|s4|p0": false,
    "playbook|s4|p1": false,
    "playbook|s4|p3": false,
    "playbook|s4|p99": false,
    "playbook|s6|p0": false,
    "playbook|s6|p1": false,
    "playbook|s6|p3": false,
    "playbook|s6|p99": false,
    "playbook|s8|p0": false,
    "playbook|s8|p1": false,
    "playbook|s8|p3": false,
    "playbook|s8|p99": false,
    "tasks|s0|p0": false,
    "tasks|s0|p1": false,
    "tasks|s0|p3": false,
    "tasks|s0|p99": false,
    "tasks|s2|p0": false,
    "tasks|s2|p1": false,
    "tasks|s2|p3": false,
    "tasks|s2|p99": false,
    "tasks|s4|p0": false,
    "tasks|s4|p1": false,
    "tasks|s4|p3": false,
    "tasks|s4|p99": false,
    "tasks|s6|p0": false,
    "tasks|s6|p1": false,
    "tasks|s6|p3": false,
    "tasks|s6|p99": false,
    "tasks|s8|p0": false,
    "tasks|s8|p1": false,
    "tasks|s8|p3": false,
    "tasks|s8|p99": false,
  },
}
`;
